Copyright 1986-2022 Xilinx, Inc. All Rights Reserved. Copyright 2022-2024 Advanced Micro Devices, Inc. All Rights Reserved.
---------------------------------------------------------------------------------------------------------------------------------------------
| Tool Version : Vivado v.2024.2 (win64) Build 5239630 Fri Nov 08 22:35:27 MST 2024
| Date         : Fri Apr 25 03:18:42 2025
| Host         : Nimaye-PC running 64-bit major release  (build 9200)
| Command      : report_control_sets -verbose -file Wrapper_control_sets_placed.rpt
| Design       : Wrapper
| Device       : xc7a100t
---------------------------------------------------------------------------------------------------------------------------------------------

Control Set Information

Table of Contents
-----------------
1. Summary
2. Histogram
3. Flip-Flop Distribution
4. Detailed Control Set Information

1. Summary
----------

+----------------------------------------------------------+-------+
|                          Status                          | Count |
+----------------------------------------------------------+-------+
| Total control sets                                       |    79 |
|    Minimum number of control sets                        |    79 |
|    Addition due to synthesis replication                 |     0 |
|    Addition due to physical synthesis replication        |     0 |
| Unused register locations in slices containing registers |    37 |
+----------------------------------------------------------+-------+
* Control sets can be merged at opt_design using control_set_merge or merge_equivalent_drivers
** Run report_qor_suggestions for automated merging and remapping suggestions


2. Histogram
------------

+--------------------+-------+
|       Fanout       | Count |
+--------------------+-------+
| Total control sets |    79 |
| >= 0 to < 4        |     1 |
| >= 4 to < 6        |     1 |
| >= 6 to < 8        |     1 |
| >= 8 to < 10       |     0 |
| >= 10 to < 12      |     2 |
| >= 12 to < 14      |     1 |
| >= 14 to < 16      |     0 |
| >= 16              |    73 |
+--------------------+-------+
* Control sets can be remapped at either synth_design or opt_design


3. Flip-Flop Distribution
-------------------------

+--------------+-----------------------+------------------------+-----------------+--------------+
| Clock Enable | Synchronous Set/Reset | Asynchronous Set/Reset | Total Registers | Total Slices |
+--------------+-----------------------+------------------------+-----------------+--------------+
| No           | No                    | No                     |             113 |          101 |
| No           | No                    | Yes                    |             726 |          320 |
| No           | Yes                   | No                     |               0 |            0 |
| Yes          | No                    | No                     |             279 |          141 |
| Yes          | No                    | Yes                    |            1133 |          501 |
| Yes          | Yes                   | No                     |               0 |            0 |
+--------------+-----------------------+------------------------+-----------------+--------------+


4. Detailed Control Set Information
-----------------------------------

+--------------------+-------------------------------------------------+-------------------------------------+------------------+----------------+--------------+
|    Clock Signal    |                  Enable Signal                  |           Set/Reset Signal          | Slice Load Count | Bel Load Count | Bels / Slice |
+--------------------+-------------------------------------------------+-------------------------------------+------------------+----------------+--------------+
| ~pll/inst/clk_out1 |                                                 |                                     |                2 |              3 |         1.50 |
|  clk0              | CPU/dx_insn/dffe_gen[4].dff/p_19_in             | reset_IBUF                          |                2 |              5 |         2.50 |
|  pll/inst/clk_out1 |                                                 | CPU/dx_insn/dffe_gen[4].dff/p_19_in |                2 |              6 |         3.00 |
|  pll/inst/clk_out1 | VGA_display/Display/vPos                        | reset_IBUF                          |                4 |             10 |         2.50 |
|  pll/inst/clk_out1 |                                                 | reset_IBUF                          |                5 |             11 |         2.20 |
| ~pll/inst/clk_out1 | CPU/xm_output/dffe_gen[14].dff/q_reg_1[0]       |                                     |               11 |             13 |         1.18 |
|  pll/inst/clk_out1 | RegisterFile/q_i_1__0_n_0                       | reset_IBUF                          |               19 |             32 |         1.68 |
|  clk0              | CPU/multdiv_active_latch/dff/q_reg_0            | reset_IBUF                          |               15 |             32 |         2.13 |
|  pll/inst/clk_out1 | RegisterFile/q_i_1__10_n_0                      | reset_IBUF                          |               16 |             32 |         2.00 |
|  clk0              | CPU/md_unit/counter_up_64/tff2/ff/multdiv_ready | reset_IBUF                          |               16 |             32 |         2.00 |
|  pll/inst/clk_out1 | RegisterFile/q_i_1__1_n_0                       | reset_IBUF                          |               12 |             32 |         2.67 |
|  pll/inst/clk_out1 | RegisterFile/q_i_1__14_n_0                      | reset_IBUF                          |               20 |             32 |         1.60 |
|  pll/inst/clk_out1 | RegisterFile/q_i_1__2_n_0                       | reset_IBUF                          |                7 |             32 |         4.57 |
|  pll/inst/clk_out1 | CPU/mw_insn/dffe_gen[27].dff/q_reg_0            | reset_IBUF                          |               19 |             32 |         1.68 |
|  pll/inst/clk_out1 | RegisterFile/q_i_1__8_n_0                       | reset_IBUF                          |               13 |             32 |         2.46 |
|  pll/inst/clk_out1 | CPU/mw_insn/dffe_gen[27].dff/q_reg_23           | reset_IBUF                          |               16 |             32 |         2.00 |
|  pll/inst/clk_out1 | CPU/mw_insn/dffe_gen[27].dff/q_reg_15           | reset_IBUF                          |               13 |             32 |         2.46 |
|  pll/inst/clk_out1 | CPU/mw_insn/dffe_gen[27].dff/q_reg_24           | reset_IBUF                          |                9 |             32 |         3.56 |
|  pll/inst/clk_out1 | CPU/mw_insn/dffe_gen[27].dff/q_reg_12           | reset_IBUF                          |               16 |             32 |         2.00 |
|  pll/inst/clk_out1 | CPU/mw_insn/dffe_gen[27].dff/q_reg_21           | reset_IBUF                          |               12 |             32 |         2.67 |
|  pll/inst/clk_out1 | RegisterFile/q_i_1__7_n_0                       | reset_IBUF                          |               13 |             32 |         2.46 |
|  pll/inst/clk_out1 | CPU/mw_insn/dffe_gen[27].dff/q_reg_27           | reset_IBUF                          |               14 |             32 |         2.29 |
|  pll/inst/clk_out1 | CPU/mw_insn/dffe_gen[27].dff/q_reg_13           | reset_IBUF                          |               13 |             32 |         2.46 |
|  pll/inst/clk_out1 | CPU/mw_insn/dffe_gen[27].dff/q_reg_16           | reset_IBUF                          |               19 |             32 |         1.68 |
|  pll/inst/clk_out1 | CPU/mw_insn/dffe_gen[27].dff/q_reg_28           | reset_IBUF                          |               18 |             32 |         1.78 |
|  pll/inst/clk_out1 | CPU/mw_insn/dffe_gen[27].dff/q_reg_19           | reset_IBUF                          |               18 |             32 |         1.78 |
|  pll/inst/clk_out1 | CPU/mw_insn/dffe_gen[27].dff/q_reg_30           | reset_IBUF                          |               16 |             32 |         2.00 |
|  pll/inst/clk_out1 | CPU/mw_insn/dffe_gen[27].dff/q_reg_9            | reset_IBUF                          |                8 |             32 |         4.00 |
|  pll/inst/clk_out1 | CPU/mw_insn/dffe_gen[27].dff/q_reg_7            | reset_IBUF                          |               15 |             32 |         2.13 |
|  pll/inst/clk_out1 | CPU/mw_insn/dffe_gen[27].dff/q_reg_5            | reset_IBUF                          |               10 |             32 |         3.20 |
|  pll/inst/clk_out1 | CPU/xm_insn/dffe_gen[31].dff/E[0]               |                                     |               32 |             32 |         1.00 |
|  pll/inst/clk_out1 | RegisterFile/q_i_1__4_n_0                       | reset_IBUF                          |               16 |             32 |         2.00 |
|  pll/inst/clk_out1 | RegisterFile/q_i_1__12_n_0                      | reset_IBUF                          |               17 |             32 |         1.88 |
|  pll/inst/clk_out1 | RegisterFile/q_i_1__6_n_0                       | reset_IBUF                          |               12 |             32 |         2.67 |
|  pll/inst/clk_out1 | RegisterFile/q_i_1__13_n_0                      | reset_IBUF                          |               21 |             32 |         1.52 |
|  pll/inst/clk_out1 | RegisterFile/q_i_1__3_n_0                       | reset_IBUF                          |               10 |             32 |         3.20 |
|  pll/inst/clk_out1 | RegisterFile/q_i_1__11_n_0                      | reset_IBUF                          |               12 |             32 |         2.67 |
|  pll/inst/clk_out1 | RegisterFile/q_i_1_n_0                          | reset_IBUF                          |               18 |             32 |         1.78 |
|  pll/inst/clk_out1 | RegisterFile/q_i_1__5_n_0                       | reset_IBUF                          |               11 |             32 |         2.91 |
|  pll/inst/clk_out1 | RegisterFile/q_i_1__9_n_0                       | reset_IBUF                          |               11 |             32 |         2.91 |
|  clk0              | CPU/fd_insn/dffe_gen[26].dff/q_i_2__215_0       | reset_IBUF                          |               20 |             62 |         3.10 |
|  clk0              | CPU/dx_insn/dffe_gen[4].dff/p_19_in             |                                     |               21 |             64 |         3.05 |
|  pll/inst/clk_out1 |                                                 | CPU/dx_insn/dffe_gen[4].dff/q_reg_1 |               44 |             64 |         1.45 |
|  pll/inst/clk_out1 |                                                 | CPU/dx_insn/dffe_gen[2].dff/q_reg_0 |               35 |             64 |         1.83 |
|  pll/inst/clk_out1 | CPU/xm_output/dffe_gen[9].dff/q_reg_7           |                                     |               32 |            128 |         4.00 |
|  pll/inst/clk_out1 | CPU/xm_output/dffe_gen[10].dff/q_reg_4          |                                     |               32 |            128 |         4.00 |
|  pll/inst/clk_out1 | CPU/xm_output/dffe_gen[9].dff/q_reg_1           |                                     |               32 |            128 |         4.00 |
|  pll/inst/clk_out1 | CPU/xm_output/dffe_gen[10].dff/q_reg_3          |                                     |               32 |            128 |         4.00 |
|  pll/inst/clk_out1 | CPU/xm_output/dffe_gen[10].dff/q_reg_6          |                                     |               32 |            128 |         4.00 |
|  pll/inst/clk_out1 | CPU/xm_output/dffe_gen[11].dff/q_reg_1          |                                     |               32 |            128 |         4.00 |
|  pll/inst/clk_out1 | CPU/xm_output/dffe_gen[11].dff/q_reg_3          |                                     |               32 |            128 |         4.00 |
|  pll/inst/clk_out1 | CPU/xm_output/dffe_gen[11].dff/q_reg_2          |                                     |               32 |            128 |         4.00 |
|  pll/inst/clk_out1 | CPU/xm_output/dffe_gen[11].dff/q_reg_4          |                                     |               32 |            128 |         4.00 |
|  pll/inst/clk_out1 | CPU/xm_output/dffe_gen[10].dff/q_reg_5          |                                     |               32 |            128 |         4.00 |
|  pll/inst/clk_out1 | CPU/xm_output/dffe_gen[10].dff/q_reg_1          |                                     |               32 |            128 |         4.00 |
|  pll/inst/clk_out1 | CPU/xm_output/dffe_gen[9].dff/q_reg_8           |                                     |               32 |            128 |         4.00 |
|  pll/inst/clk_out1 | CPU/xm_output/dffe_gen[9].dff/q_reg_5           |                                     |               32 |            128 |         4.00 |
|  pll/inst/clk_out1 | CPU/xm_output/dffe_gen[9].dff/q_reg_2           |                                     |               32 |            128 |         4.00 |
|  pll/inst/clk_out1 | CPU/xm_output/dffe_gen[9].dff/q_reg_4           |                                     |               32 |            128 |         4.00 |
|  pll/inst/clk_out1 | CPU/xm_output/dffe_gen[9].dff/q_reg_6           |                                     |               32 |            128 |         4.00 |
|  pll/inst/clk_out1 | CPU/xm_output/dffe_gen[10].dff/q_reg_2          |                                     |               32 |            128 |         4.00 |
|  pll/inst/clk_out1 | CPU/xm_output/dffe_gen[7].dff/q_reg_4           |                                     |               32 |            128 |         4.00 |
|  pll/inst/clk_out1 | CPU/xm_output/dffe_gen[7].dff/q_reg_1           |                                     |               32 |            128 |         4.00 |
|  pll/inst/clk_out1 | CPU/xm_output/dffe_gen[7].dff/q_reg_2           |                                     |               32 |            128 |         4.00 |
|  pll/inst/clk_out1 | CPU/xm_output/dffe_gen[7].dff/q_reg_6           |                                     |               32 |            128 |         4.00 |
|  pll/inst/clk_out1 | CPU/xm_output/dffe_gen[7].dff/q_reg_5           |                                     |               32 |            128 |         4.00 |
|  pll/inst/clk_out1 | CPU/xm_output/dffe_gen[8].dff/q_reg_1           |                                     |               32 |            128 |         4.00 |
|  pll/inst/clk_out1 | CPU/xm_output/dffe_gen[8].dff/q_reg_2           |                                     |               32 |            128 |         4.00 |
|  pll/inst/clk_out1 | CPU/xm_output/dffe_gen[8].dff/q_reg_5           |                                     |               32 |            128 |         4.00 |
|  pll/inst/clk_out1 | CPU/xm_output/dffe_gen[8].dff/q_reg_3           |                                     |               32 |            128 |         4.00 |
|  pll/inst/clk_out1 | CPU/xm_output/dffe_gen[8].dff/q_reg_6           |                                     |               32 |            128 |         4.00 |
|  pll/inst/clk_out1 | CPU/xm_output/dffe_gen[8].dff/q_reg_7           |                                     |               32 |            128 |         4.00 |
|  pll/inst/clk_out1 | CPU/xm_output/dffe_gen[7].dff/q_reg_3           |                                     |               32 |            128 |         4.00 |
|  pll/inst/clk_out1 | CPU/xm_output/dffe_gen[8].dff/q_reg_8           |                                     |               32 |            128 |         4.00 |
|  pll/inst/clk_out1 | CPU/xm_output/dffe_gen[8].dff/q_reg_4           |                                     |               32 |            128 |         4.00 |
|  pll/inst/clk_out1 | CPU/xm_output/dffe_gen[9].dff/q_reg_3           |                                     |               32 |            128 |         4.00 |
|  pll/inst/clk_out1 | VGA_display/Display/CEA2                        |                                     |               77 |            170 |         2.21 |
|  pll/inst/clk_out1 |                                                 |                                     |               99 |            302 |         3.05 |
|  clk0              |                                                 | reset_IBUF                          |              234 |            581 |         2.48 |
+--------------------+-------------------------------------------------+-------------------------------------+------------------+----------------+--------------+


